 
****************************************
Report : area
Design : AbsComparator
Version: U-2022.12
Date   : Fri Jun 19 06:20:04 2026
****************************************

Information: Updating design information... (UID-85)
Library(s) Used:

    NangateOpenCellLibrary (File: /autofs/fs1.ece/fs1.eecg.janders/bhilareo/form_files/NanGate_45nm_OCL_v2010_12/pdk_v1.3_v2010_12/NangateOpenCellLibrary_PDKv1_3_v2010_12/NangateOpenCellLibrary_PDKv1_3_v2010_12/Front_End/Liberty/NangateOpenCellLibrary_typical_CCS.db)

Number of ports:                           70
Number of nets:                           143
Number of cells:                           79
Number of combinational cells:             79
Number of sequential cells:                 0
Number of macros/black boxes:               0
Number of buf/inv:                         31
Number of references:                       9

Combinational area:                 89.110001
Buf/Inv area:                       16.492000
Noncombinational area:               0.000000
Macro/Black Box area:                0.000000
Net Interconnect area:      undefined  (Wire load has zero net area)

Total cell area:                    89.110001
Total area:                 undefined

Hierarchical area distribution
------------------------------

                                  Global cell area          Local cell area
                                  ------------------  --------------------------- 
Hierarchical cell                 Absolute   Percent  Combi-    Noncombi-  Black-
                                  Total      Total    national  national   boxes   Design
--------------------------------  ---------  -------  --------  ---------  ------  ---------
AbsComparator                       89.1100    100.0   89.1100     0.0000  0.0000  AbsComparator
--------------------------------  ---------  -------  --------  ---------  ------  ---------
Total                                                  89.1100     0.0000  0.0000

1
